mode: set
github.com/poteto0/go-nba-sdk/api/draft/api_draft_board.go:14.117,15.19 1 1
github.com/poteto0/go-nba-sdk/api/draft/api_draft_board.go:15.19,17.3 1 0
github.com/poteto0/go-nba-sdk/api/draft/api_draft_board.go:19.2,19.27 1 1
github.com/poteto0/go-nba-sdk/api/draft/api_draft_board.go:19.27,21.3 1 0
github.com/poteto0/go-nba-sdk/api/draft/api_draft_board.go:23.2,25.16 3 1
github.com/poteto0/go-nba-sdk/api/draft/api_draft_board.go:25.16,27.3 1 0
github.com/poteto0/go-nba-sdk/api/draft/api_draft_board.go:29.2,32.16 3 1
github.com/poteto0/go-nba-sdk/api/draft/api_draft_board.go:32.16,34.3 1 1
github.com/poteto0/go-nba-sdk/api/draft/api_draft_board.go:35.2,38.16 3 1
github.com/poteto0/go-nba-sdk/api/draft/api_draft_board.go:38.16,40.3 1 0
github.com/poteto0/go-nba-sdk/api/draft/api_draft_board.go:41.2,41.25 1 1
github.com/poteto0/go-nba-sdk/api/draft/api_draft_board.go:41.25,43.3 1 0
github.com/poteto0/go-nba-sdk/api/draft/api_draft_board.go:45.2,47.16 3 1
github.com/poteto0/go-nba-sdk/api/draft/api_draft_board.go:47.16,52.3 1 1
github.com/poteto0/go-nba-sdk/api/draft/api_draft_board.go:54.2,58.3 1 1
github.com/poteto0/go-nba-sdk/api/draft/api_draft_combine_stats.go:12.133,13.19 1 1
github.com/poteto0/go-nba-sdk/api/draft/api_draft_combine_stats.go:13.19,15.3 1 0
github.com/poteto0/go-nba-sdk/api/draft/api_draft_combine_stats.go:17.2,17.27 1 1
github.com/poteto0/go-nba-sdk/api/draft/api_draft_combine_stats.go:17.27,19.3 1 0
github.com/poteto0/go-nba-sdk/api/draft/api_draft_combine_stats.go:21.2,23.16 3 1
github.com/poteto0/go-nba-sdk/api/draft/api_draft_combine_stats.go:23.16,25.3 1 0
github.com/poteto0/go-nba-sdk/api/draft/api_draft_combine_stats.go:27.2,30.16 3 1
github.com/poteto0/go-nba-sdk/api/draft/api_draft_combine_stats.go:30.16,32.3 1 1
github.com/poteto0/go-nba-sdk/api/draft/api_draft_combine_stats.go:33.2,36.16 3 1
github.com/poteto0/go-nba-sdk/api/draft/api_draft_combine_stats.go:36.16,38.3 1 1
github.com/poteto0/go-nba-sdk/api/draft/api_draft_combine_stats.go:40.2,41.16 2 1
github.com/poteto0/go-nba-sdk/api/draft/api_draft_combine_stats.go:41.16,43.3 1 0
github.com/poteto0/go-nba-sdk/api/draft/api_draft_combine_stats.go:45.2,49.3 1 1
